{
    "test": {
        "Filename": "abw-1.abw",
        "Comment": "Abiword document"
    },
    "metadata": {
        "@graph": [
	    {
		"@type" : "nfo:Document",
		"nco:creator" : {
		    "@id" : "urn:contact:Some%20author",
		    "nco:fullname" : "Some author",
		    "@type" : "nco:Contact"
		},
		"nie:subject" : "Some Subject",
		"nie:generator" : "AbiWord",
		"nie:keyword" : [
		    "keyword1",
		    "keyword2"
		],
		"nie:title" : "Some Title",
		"nie:plainTextContent" : "\nHello there!\n\n",
		"nie:comment" : "Some description"
	    }
	]
    }
}
