{
    "test": {
        "Filename": "epub-doc-1.epub",
        "Comment": "EPUB document"
    },
    "metadata": {
        "@graph": [
	    {
		"nco:creator" : {
		    "nco:fullname" : "Some author",
		    "nco:nameGiven" : "Some",
		    "nco:creator" : {
			"@id" : "urn:artist:Some%20author",
			"nmm:artistName" : "Some author",
			"@type" : "nmm:Artist"
		    },
		    "@type" : "nco:PersonContact",
		    "nco:nameFamily" : "author"
		},
		"nie:language" : "en",
		"nie:title" : "Some title",
		"nie:plainTextContent" : "Section 1 Hello there. ",
		"nie:identifier" : "Some identifier",
		"@type" : "nfo:EBook"
	    }
	]
    }
}
