{
    "test": {
        "Filename": "html-1.html",
        "Comment": "HTML document"
    },
    "metadata": {
        "@graph": [
	    {
		"nie:plainTextContent": "1 \n\t\t 2 \n\t\t 3 \n\t \n\t \n\t\t 4 \n\t\t 5 \n\t\t 6",
		"nie:title": "Some title",
		"nie:keyword": [
                    "keyword1",
                    "keyword2"
		],
		"@type": "nfo:HtmlDocument"
	    }
	]
    }
}
