{
    "test": {
        "Filename": "office-xml-doc-1.docx",
        "Comment": "MS Office XML document"
    },
    "metadata": {
        "@graph": [
	    {
		"@type" : "nfo:PaginatedTextDocument",
		"nfo:characterCount" : "11",
		"nie:subject" : "Some subject",
		"nfo:wordCount" : "2",
		"nfo:pageCount" : "1",
		"nie:title" : "Some title",
		"nie:contentCreated" : "2023-01-12T17:26:31Z",
		"nie:contentLastModified" : "2023-01-13T15:45:46Z",
		"nie:comment" : "Some comment",
		"nie:plainTextContent" : "Hello there. "
	    }
	]
    }
}
