{
    "test": {
        "Filename": "pdf-encrypted.pdf",
        "Comment": "PDF encrypted document"
    },
    "metadata": {
        "@graph": [
	    {
		"@type" : "nfo:PaginatedTextDocument",
		"nfo:isContentEncrypted" : true
	    }
	]
    }
}
