{
    "test": {
        "Filename": "xlsx-spreadsheet-1.xlsx",
        "Comment": "Office XML spreadsheet"
    },
    "metadata": {
        "@graph": [
	    {
		"nie:comment": "Some comment",
		"nie:subject": "Some subject",
		"nie:contentLastModified": "2023-01-13T16:29:59Z",
		"nie:title": "Some title",
		"nie:contentCreated": "2023-01-13T16:26:55Z"
	    }
	]
    }
}
