{
    "test": {
        "Filename": "xps-doc-1.xps",
        "Comment": "XPS sample document (from https://github.com/microsoft/Windows-classic-samples, under MIT license)"
    },
    "metadata": {
        "@graph": [
	    {
		"nfo:pageCount" : 1,
		"@type" : "nfo:PaginatedTextDocument"
	    }
	]
    }
}
