{
    "test": {
        "Filename": "bootable-1.iso",
        "Comment": "Bootable ISO image"
    },
    "metadata": {
        "@graph": [
	    {
		"osinfo:id" : "http://fedoraproject.org/fedora/35",
		"nie:title" : "Fedora 35 Workstation",
		"nfo:isBootable" : true,
		"osinfo:mediaId" : "http://fedoraproject.org/fedora/35:0",
		"@type" : [
		    "nfo:FilesystemImage",
		    "nfo:OperatingSystem",
		    "osinfo:Installer"
		]
	    }
	]
    }
}

