{
    "test": {
        "Filename": "bootable-2.iso",
        "Comment": "Bootable unknown ISO image"
    },
    "metadata": {
        "@graph": [
	    {
                "nie:title" : "N2HUR36W",
                "nfo:isBootable" : true,
                "@type" : [
                    "nfo:FilesystemImage"
                ]
	    }
	]
    }
}

