{
    "test": {
        "Filename": "non-bootable-1.iso",
        "Comment": "Non-bootable ISO image"
    },
    "metadata": {
        "@graph": [
	    {
                "nfo:isBootable" : false,
                "@type" : [
                    "nfo:FilesystemImage"
                ]
	    }
	]
    }
}

