{
    "test": {
        "Filename": "184505.mp4",
        "Bugzilla": "NB#184505",
        "Comment": "Video without audio stream. Seems to be clasified as Audio."
    },
    "metadata": {
        "@type": "nmm:Video",
        "!@type": "nmm:Audio",
        "nfo:height": "480",
        "nfo:width": "864"
    }
}