{
    "test": {
        "Filename": "audio-test-vorbis-extractor.ogg",
        "Bugzilla": "",
        "Comment": "Basic OGG example"
    },
    "metadata": {
        "@type": "nmm:MusicPiece",
        "nie:title": "Simply Juvenile",
        "nfo:genre": "Pop",
        "nie:copyright": "none",
        "nie:comment": "I am for simple OGG testing",
        "nmm:trackNumber": "18",
        "nfo:duration": "15",
        "nmm:performer": {
            "@type": "nmm:Artist",
            "nmm:artistName": "AbBaby",
            "tracker:hasExternalReference": {
                "@id": "tracker:ExternalReference:https:%2F%2Fmusicbrainz.org%2Fdoc%2FArtist",
                "@type": "tracker:ExternalReference",
                "tracker:referenceSource": "https://musicbrainz.org/doc/Artist",
                "tracker:referenceIdentifier": "234561"
            }
        },
        "nmm:musicAlbum": {
            "@type": "nmm:MusicAlbum",
            "nie:title": "SinCos",
            "tracker:hasExternalReference": [
                {
                    "@id": "tracker:ExternalReference:https:%2F%2Fmusicbrainz.org%2Fdoc%2FRelease",
                    "@type": "tracker:ExternalReference",
                    "tracker:referenceSource": "https://musicbrainz.org/doc/Release",
                    "tracker:referenceIdentifier": "345612"
                },
                {
                    "@id": "tracker:ExternalReference:https:%2F%2Fmusicbrainz.org%2Fdoc%2FRelease_Group",
                    "@type": "tracker:ExternalReference",
                    "tracker:referenceSource": "https://musicbrainz.org/doc/Release_Group",
                    "tracker:referenceIdentifier": "561234"
                }
            ]
        },
        "tracker:hasExternalReference": [
            {
                "@id": "tracker:ExternalReference:https:%2F%2Fmusicbrainz.org%2Fdoc%2FRecording",
                "@type": "tracker:ExternalReference",
                "tracker:referenceSource": "https://musicbrainz.org/doc/Recording",
                "tracker:referenceIdentifier": "456123"
            },
            {
                "@id": "tracker:ExternalReference:https:%2F%2Fmusicbrainz.org%2Fdoc%2FTrack",
                "@type": "tracker:ExternalReference",
                "tracker:referenceSource": "https://musicbrainz.org/doc/Track",
                "tracker:referenceIdentifier": "123456"
            }
        ],
        "nfo:hasHash": {
            "@type": "nfo:hasHash",
            "nfo:hashAlgorithm": "chromaprint",
            "nfo:hashValue": "111222"
        }
    }
}
