{
    "test": {
        "Filename": "audio-test-2.mp3",
        "Bugzilla": "NB#177663",
        "Comment": "Mp3 with id3v2 tags. Encoded wasn't extracted.\nBinary cut with dd of the original file."
    },
    "metadata": {
        "@type": "nmm:MusicPiece",
        "nie:title": "Vinegar",
        "nfo:genre": "Pop",
        "nie:copyright": "(P) 2008 Sony Music Entertainment Finland Oy",
        "nmm:trackNumber": "1",
        "nfo:codec": "MPEG",
        "nfo:channels": "2",
        "nfo:sampleRate": "44100",
        "nfo:averageBitrate": "256000",
        "nmm:performer": {
            "@type": "nmm:Artist",
            "nmm:artistName": "Anna Abreu",
            "tracker:hasExternalReference": {
                "@id": "tracker:ExternalReference:https:%2F%2Fmusicbrainz.org%2Fdoc%2FArtist",
                "@type": "tracker:ExternalReference",
                "tracker:referenceSource": "https://musicbrainz.org/doc/Artist",
                "tracker:referenceIdentifier": "234561"
            }
        },
        "nmm:musicAlbum": {
            "@type": "nmm:MusicAlbum",
            "tracker:hasExternalReference": [
                {
                    "@id": "tracker:ExternalReference:https:%2F%2Fmusicbrainz.org%2Fdoc%2FRelease",
                    "@type": "tracker:ExternalReference",
                    "tracker:referenceSource": "https://musicbrainz.org/doc/Release",
                    "tracker:referenceIdentifier": "345612"
                },
                {
                    "@id": "tracker:ExternalReference:https:%2F%2Fmusicbrainz.org%2Fdoc%2FRelease_Group",
                    "@type": "tracker:ExternalReference",
                    "tracker:referenceSource": "https://musicbrainz.org/doc/Release_Group",
                    "tracker:referenceIdentifier": "561234"
                }
            ]
        },
        "tracker:hasExternalReference": [
            {
                "@id": "tracker:ExternalReference:https:%2F%2Fmusicbrainz.org%2Fdoc%2FRecording",
                "@type": "tracker:ExternalReference",
                "tracker:referenceSource": "https://musicbrainz.org/doc/Recording",
                "tracker:referenceIdentifier": "456123"
            },
            {
                "@id": "tracker:ExternalReference:https:%2F%2Fmusicbrainz.org%2Fdoc%2FTrack",
                "@type": "tracker:ExternalReference",
                "tracker:referenceSource": "https://musicbrainz.org/doc/Track",
                "tracker:referenceIdentifier": "123456"
            }
        ],
        "nfo:hasHash": {
            "@type": "nfo:hasHash",
            "nfo:hashAlgorithm": "chromaprint",
            "nfo:hashValue": "111222"
        }
    }
}
