{
    "test": {
        "Filename": "bmp-corrupt-3.bmp",
        "Comment": "Corrupted BMP example (truncated)",
        "ExpectedFailure": true
    },
    "metadata": {
    }
}
