{
    "test": {
        "Filename": "bmp-basic-1.bmp",
        "Comment": "Basic BMP example"
    },
    "metadata": {
        "@graph": [
	    {
		"@type": [
                    "nfo:Image",
                    "nmm:Photo"
                ],
		"nfo:width": "1",
		"nfo:height": "1"
	    }
	]
    }
}
