{
    "test": {
        "Filename": "bmp-corrupt-1.bmp",
        "Comment": "Corrupted BMP example (wrong header)",
        "ExpectedFailure": true
    },
    "metadata": {
    }
}
