{
    "test": {
        "Filename": "ico-basic-1.ico",
        "Comment": "Basic ICO example"
    },
    "metadata": {
        "@graph": [
	    {
		"@type": [
		    "nfo:Image",
                    "nfo:Icon"
                ],
		"!@type": "nmm:Photo",
		"nfo:width": "1",
		"nfo:height": "1"
	    }
	]
    }
}
