{
    "test": {
        "Filename": "jpeg-basic.jpg",
        "Comment": "Basic jpeg example, ISO image tags checks"
    },
    "metadata":  {
	"@graph": [
            {
		"nao:hasTag": [
                    {
			"nao:prefLabel": "test"
                    },
                    {
			"nao:prefLabel": "tracker"
                    }
		]
            }
	]
    }
}
