{
    "test": {
        "Filename": "png-basic.png",
        "Bugzilla": "",
        "Comment": "Basic png example"
    },
    "metadata": {
        "@graph": [
	    {
		"@type": "nmm:Photo",
		"nfo:width": "211",
		"nfo:height": "217"
	    }
	]
    }
}
