{
    "test": {
        "Filename": "test-image-1.jpg",
        "Comment": "Basic jpeg example"
    },
    "metadata": {
        "@type": "nmm:Photo",
        "nfo:width": "699",
        "nfo:height": "464",
        "nao:hasTag": [
            { "nao:prefLabel": "test" },
            { "nao:prefLabel": "tracker" }
        ],
        "nie:title": "Kid",
        "nmm:fnumber": "5.0",
        "nmm:focalLength": "5.0",
        "nie:comment": "This is a for tracker test",
        "slo:location": [
            {
                "slo:postalAddress": {
                    "nco:locality": "Tig",
                    "nco:country": "Banglore"
                }
            }
        ],
        "nfo:horizontalResolution": "20.0",
        "nfo:verticalResolution": "20.0"
    }
}
